/Users/pcewlkr/Dev/cop/src/main/java/database/cop/mapper/FufillMapper.java
/Users/pcewlkr/Dev/cop/src/main/java/database/cop/bean/Fulfill.java
/Users/pcewlkr/Dev/cop/src/main/java/database/cop/service/ProductService.java
/Users/pcewlkr/Dev/cop/src/main/java/database/cop/service/FufillService.java
/Users/pcewlkr/Dev/cop/src/main/java/database/cop/bean/Purchase.java
/Users/pcewlkr/Dev/cop/src/main/java/database/cop/controller/LoginController.java
/Users/pcewlkr/Dev/cop/src/main/java/database/cop/config/DataSourceConfig.java
/Users/pcewlkr/Dev/cop/src/main/java/database/cop/bean/Customer.java
/Users/pcewlkr/Dev/cop/src/main/java/database/cop/controller/QueryController.java
/Users/pcewlkr/Dev/cop/src/main/java/database/cop/mapper/CustomerMapper.java
/Users/pcewlkr/Dev/cop/src/main/java/database/cop/service/GeneralService.java
/Users/pcewlkr/Dev/cop/src/main/java/database/cop/mapper/CustomerOrderMapper.java
/Users/pcewlkr/Dev/cop/src/main/java/database/cop/bean/SupplierOrder.java
/Users/pcewlkr/Dev/cop/src/main/java/database/cop/controller/DispatcherController.java
/Users/pcewlkr/Dev/cop/src/main/java/database/cop/bean/CustomerOrder.java
/Users/pcewlkr/Dev/cop/src/main/java/database/cop/mapper/GeneralMapper.java
/Users/pcewlkr/Dev/cop/src/main/java/database/cop/mapper/ProductMapper.java
/Users/pcewlkr/Dev/cop/src/main/java/database/cop/bean/Product.java
/Users/pcewlkr/Dev/cop/src/main/java/database/cop/service/CustomerService.java
/Users/pcewlkr/Dev/cop/src/main/java/database/cop/service/CustomerOrderService.java
/Users/pcewlkr/Dev/cop/src/main/java/database/cop/CopApplication.java
